=== Phase 4 Validation: seed=1337 run_id=phase4_seed1337_20260323_032137 ===
=== Node: node4300 GPUs: 8 ===
W0323 03:21:39.957000 2499318 /orcd/home/002/tomli/.conda/envs/pgolf/lib/python3.11/site-packages/torch/distributed/run.py:792] 
W0323 03:21:39.957000 2499318 /orcd/home/002/tomli/.conda/envs/pgolf/lib/python3.11/site-packages/torch/distributed/run.py:792] *****************************************
W0323 03:21:39.957000 2499318 /orcd/home/002/tomli/.conda/envs/pgolf/lib/python3.11/site-packages/torch/distributed/run.py:792] Setting OMP_NUM_THREADS environment variable for each process to be 1 in default, to avoid your system being overloaded, please further tune the variable for optimal performance in your application as needed. 
W0323 03:21:39.957000 2499318 /orcd/home/002/tomli/.conda/envs/pgolf/lib/python3.11/site-packages/torch/distributed/run.py:792] *****************************************
logs/phase4_seed1337_20260323_032137.txt
tokenizer:./data/tokenizers/fineweb_1024_bpe.model train_shards:80 val_tokens:62021632
params:25517137 world:8 accum:1
heads:8 kv:4 lr:0.02 seed:1337
batch:786432 seq:2048 iters:20000 wall:600s
warmup_step:1/20
warmup_step:2/20
warmup_step:3/20
warmup_step:4/20
warmup_step:5/20
warmup_step:6/20
warmup_step:7/20
warmup_step:8/20
warmup_step:9/20
warmup_step:10/20
warmup_step:11/20
warmup_step:12/20
warmup_step:13/20
warmup_step:14/20
warmup_step:15/20
warmup_step:16/20
warmup_step:17/20
warmup_step:18/20
warmup_step:19/20
warmup_step:20/20
step:0/20000 val_loss:6.9284 val_bpb:4.1034 train_time:0ms step_avg:0.02ms
step:1/20000 train_loss:6.9291 train_time:124ms step_avg:123.70ms
step:2/20000 train_loss:7.6740 train_time:183ms step_avg:91.30ms
step:3/20000 train_loss:7.4189 train_time:266ms step_avg:88.83ms
step:4/20000 train_loss:6.9678 train_time:351ms step_avg:87.73ms
step:5/20000 train_loss:6.8818 train_time:435ms step_avg:87.09ms
step:6/20000 train_loss:6.8620 train_time:520ms step_avg:86.65ms
step:7/20000 train_loss:6.8043 train_time:604ms step_avg:86.34ms
step:8/20000 train_loss:6.7808 train_time:689ms step_avg:86.16ms
step:9/20000 train_loss:6.3353 train_time:774ms step_avg:86.00ms
step:10/20000 train_loss:6.0045 train_time:858ms step_avg:85.79ms
step:200/20000 train_loss:2.4089 train_time:17382ms step_avg:86.91ms
step:400/20000 train_loss:2.4171 train_time:34592ms step_avg:86.48ms
step:600/20000 train_loss:2.3372 train_time:51802ms step_avg:86.34ms
step:800/20000 train_loss:2.2399 train_time:69106ms step_avg:86.38ms
step:1000/20000 train_loss:2.2750 train_time:86346ms step_avg:86.35ms
step:1000/20000 val_loss:2.2300 val_bpb:1.3207 train_time:86374ms step_avg:86.37ms
step:1200/20000 train_loss:2.3564 train_time:103642ms step_avg:86.37ms
step:1400/20000 train_loss:2.1897 train_time:120923ms step_avg:86.37ms
step:1600/20000 train_loss:2.0783 train_time:138123ms step_avg:86.33ms
step:1800/20000 train_loss:2.1609 train_time:155357ms step_avg:86.31ms
step:2000/20000 train_loss:2.0715 train_time:172513ms step_avg:86.26ms
step:2000/20000 val_loss:2.1347 val_bpb:1.2643 train_time:172539ms step_avg:86.27ms
step:2200/20000 train_loss:2.1466 train_time:189718ms step_avg:86.24ms
step:2400/20000 train_loss:2.0653 train_time:206853ms step_avg:86.19ms
step:2600/20000 train_loss:2.1076 train_time:224046ms step_avg:86.17ms
step:2800/20000 train_loss:2.1589 train_time:241223ms step_avg:86.15ms
step:3000/20000 train_loss:2.1644 train_time:258330ms step_avg:86.11ms
step:3000/20000 val_loss:2.0946 val_bpb:1.2405 train_time:258356ms step_avg:86.12ms
step:3200/20000 train_loss:2.1759 train_time:275494ms step_avg:86.09ms
step:3400/20000 train_loss:2.0275 train_time:292603ms step_avg:86.06ms
step:3600/20000 train_loss:2.1008 train_time:309771ms step_avg:86.05ms
step:3800/20000 train_loss:2.0799 train_time:326868ms step_avg:86.02ms
step:4000/20000 train_loss:1.9885 train_time:344022ms step_avg:86.01ms
step:4000/20000 val_loss:2.0795 val_bpb:1.2316 train_time:344050ms step_avg:86.01ms
step:4200/20000 train_loss:2.1631 train_time:361184ms step_avg:86.00ms
step:4400/20000 train_loss:2.0477 train_time:378293ms step_avg:85.98ms
step:4600/20000 train_loss:1.8534 train_time:395454ms step_avg:85.97ms
step:4800/20000 train_loss:2.4436 train_time:412565ms step_avg:85.95ms
step:5000/20000 train_loss:2.1154 train_time:429743ms step_avg:85.95ms
step:5000/20000 val_loss:2.0359 val_bpb:1.2058 train_time:429769ms step_avg:85.95ms
step:5200/20000 train_loss:2.0561 train_time:446852ms step_avg:85.93ms
step:5400/20000 train_loss:2.0591 train_time:464030ms step_avg:85.93ms
step:5600/20000 train_loss:1.9701 train_time:481203ms step_avg:85.93ms
swa:start step:5800
step:5800/20000 train_loss:2.0139 train_time:498306ms step_avg:85.91ms
step:6000/20000 train_loss:1.9548 train_time:515639ms step_avg:85.94ms
step:6000/20000 val_loss:1.9932 val_bpb:1.1805 train_time:515703ms step_avg:85.95ms
step:6200/20000 train_loss:1.9640 train_time:532881ms step_avg:85.95ms
step:6400/20000 train_loss:2.0127 train_time:550148ms step_avg:85.96ms
step:6600/20000 train_loss:1.8584 train_time:567371ms step_avg:85.97ms
step:6800/20000 train_loss:2.0372 train_time:584649ms step_avg:85.98ms
step:6979/20000 val_loss:1.9452 val_bpb:1.1521 train_time:600068ms step_avg:85.98ms
stopping_early: wallclock_cap train_time:600068ms step:6979/20000
peak memory allocated: 18968 MiB reserved: 19162 MiB
swa:applying averaged 24 checkpoints
model:98437014B code:53995B total:98491009B
int5_6+zstd: 15770172B total: 15824167B
final_eval_mode:sliding_window stride:64 batch_seqs:32
  sliding_eval [  0.0%] 32/121136 windows running_bpb=1.209002
  sliding_eval [  1.3%] 1632/121136 windows running_bpb=1.138051
  sliding_eval [  2.7%] 3232/121136 windows running_bpb=1.139456
  sliding_eval [  4.0%] 4832/121136 windows running_bpb=1.132745
  sliding_eval [  5.3%] 6432/121136 windows running_bpb=1.144046
  sliding_eval [  6.6%] 8032/121136 windows running_bpb=1.145385
  sliding_eval [  8.0%] 9632/121136 windows running_bpb=1.146907
  sliding_eval [  9.3%] 11232/121136 windows running_bpb=1.142156
  sliding_eval [ 10.6%] 12832/121136 windows running_bpb=1.139460
  sliding_eval [ 11.9%] 14432/121136 windows running_bpb=1.141050
  sliding_eval [ 13.2%] 16032/121136 windows running_bpb=1.149854
  sliding_eval [ 14.6%] 17632/121136 windows running_bpb=1.147863
  sliding_eval [ 15.9%] 19232/121136 windows running_bpb=1.149149
  sliding_eval [ 17.2%] 20832/121136 windows running_bpb=1.147393
  sliding_eval [ 18.5%] 22432/121136 windows running_bpb=1.145927
  sliding_eval [ 19.8%] 24032/121136 windows running_bpb=1.146224
  sliding_eval [ 21.2%] 25632/121136 windows running_bpb=1.147602
  sliding_eval [ 22.5%] 27232/121136 windows running_bpb=1.148156
  sliding_eval [ 23.8%] 28832/121136 windows running_bpb=1.154373
  sliding_eval [ 25.1%] 30432/121136 windows running_bpb=1.151763
  sliding_eval [ 26.4%] 32032/121136 windows running_bpb=1.152697
  sliding_eval [ 27.8%] 33632/121136 windows running_bpb=1.151395
  sliding_eval [ 29.1%] 35232/121136 windows running_bpb=1.150752
  sliding_eval [ 30.4%] 36832/121136 windows running_bpb=1.150340
  sliding_eval [ 31.7%] 38432/121136 windows running_bpb=1.150908
  sliding_eval [ 33.0%] 40032/121136 windows running_bpb=1.148582
  sliding_eval [ 34.4%] 41632/121136 windows running_bpb=1.147618
  sliding_eval [ 35.7%] 43232/121136 windows running_bpb=1.147986
  sliding_eval [ 37.0%] 44832/121136 windows running_bpb=1.146753
  sliding_eval [ 38.3%] 46432/121136 windows running_bpb=1.146647
  sliding_eval [ 39.7%] 48032/121136 windows running_bpb=1.145916
  sliding_eval [ 41.0%] 49632/121136 windows running_bpb=1.147111
  sliding_eval [ 42.3%] 51232/121136 windows running_bpb=1.148127
  sliding_eval [ 43.6%] 52832/121136 windows running_bpb=1.148637
  sliding_eval [ 44.9%] 54432/121136 windows running_bpb=1.148159
  sliding_eval [ 46.3%] 56032/121136 windows running_bpb=1.148555
  sliding_eval [ 47.6%] 57632/121136 windows running_bpb=1.147666
  sliding_eval [ 48.9%] 59232/121136 windows running_bpb=1.143803
  sliding_eval [ 50.2%] 60832/121136 windows running_bpb=1.143882
  sliding_eval [ 51.5%] 62432/121136 windows running_bpb=1.144802
  sliding_eval [ 52.9%] 64032/121136 windows running_bpb=1.144926
  sliding_eval [ 54.2%] 65632/121136 windows running_bpb=1.144779
  sliding_eval [ 55.5%] 67232/121136 windows running_bpb=1.143566
  sliding_eval [ 56.8%] 68832/121136 windows running_bpb=1.143239
  sliding_eval [ 58.1%] 70432/121136 windows running_bpb=1.142558
  sliding_eval [ 59.5%] 72032/121136 windows running_bpb=1.142638
  sliding_eval [ 60.8%] 73632/121136 windows running_bpb=1.142586
  sliding_eval [ 62.1%] 75232/121136 windows running_bpb=1.142746
  sliding_eval [ 63.4%] 76832/121136 windows running_bpb=1.142509
  sliding_eval [ 64.7%] 78432/121136 windows running_bpb=1.143123
  sliding_eval [ 66.1%] 80032/121136 windows running_bpb=1.143439
  sliding_eval [ 67.4%] 81632/121136 windows running_bpb=1.143156
  sliding_eval [ 68.7%] 83232/121136 windows running_bpb=1.144183
  sliding_eval [ 70.0%] 84832/121136 windows running_bpb=1.146107
  sliding_eval [ 71.4%] 86432/121136 windows running_bpb=1.145402
  sliding_eval [ 72.7%] 88032/121136 windows running_bpb=1.146168
  sliding_eval [ 74.0%] 89632/121136 windows running_bpb=1.146502
  sliding_eval [ 75.3%] 91232/121136 windows running_bpb=1.146482
  sliding_eval [ 76.6%] 92832/121136 windows running_bpb=1.146079
  sliding_eval [ 78.0%] 94432/121136 windows running_bpb=1.146277
  sliding_eval [ 79.3%] 96032/121136 windows running_bpb=1.145699
  sliding_eval [ 80.6%] 97632/121136 windows running_bpb=1.148483
  sliding_eval [ 81.9%] 99232/121136 windows running_bpb=1.148480
  sliding_eval [ 83.2%] 100832/121136 windows running_bpb=1.148539
  sliding_eval [ 84.6%] 102432/121136 windows running_bpb=1.148149
  sliding_eval [ 85.9%] 104032/121136 windows running_bpb=1.147657
  sliding_eval [ 87.2%] 105632/121136 windows running_bpb=1.146916
  sliding_eval [ 88.5%] 107232/121136 windows running_bpb=1.146899
  sliding_eval [ 89.8%] 108832/121136 windows running_bpb=1.147515
  sliding_eval [ 91.2%] 110432/121136 windows running_bpb=1.147543
  sliding_eval [ 92.5%] 112032/121136 windows running_bpb=1.147523
  sliding_eval [ 93.8%] 113632/121136 windows running_bpb=1.147972
  sliding_eval [ 95.1%] 115232/121136 windows running_bpb=1.147730
  sliding_eval [ 96.4%] 116832/121136 windows running_bpb=1.147341
  sliding_eval [ 97.8%] 118432/121136 windows running_bpb=1.147638
  sliding_eval [ 99.1%] 120032/121136 windows running_bpb=1.147738
final_int5_6_roundtrip val_loss:1.9284 val_bpb:1.1421 eval_time:191806ms
exact val_loss:1.92844919 bpb:1.14213926
=== Training complete ===
=== Artifact: 15770172 bytes, Code: 53995 bytes, Total: 15824167 bytes ===
PASS: Total 15824167 fits cap with 175833 bytes headroom
=== Code bytes: 53995 ===
=== Log file: logs/phase4_seed1337_20260323_032137.log ===
